Title,ISBN,Author,Quantity,Price,Tax
To Kill a Mockingbird,978006112008-4,Harper Lee,6,12.99,10.3%
1984,978045152493-5,George Orwell,4,8.99,10.6%
The Catcher in the Rye,978031676917-4,J.D. Salinger,2,6.99,17.135%
Pride and Prejudice,978014143951-8,Jane Austen,10,10.99,5.5%
The Great Gatsby,978074327356-5,F. Scott Fitzgerald,6,7.99,8.12%
