Title,ISBN,Author,Quantity,Price,Tax
Harry Potter and the Philosopher's Stone,978140885565-2,J.K. Rowling,4,39.99,10.4%
The Lord of the Rings,978054792821-0,J.R.R. Tolkien,0,24.99,8.5%
