>> Log from purchase 1
Purchase successful: Pedro bought Harry Potter and the Philosopher's Stone by J.K. Rowling, price: $39.99
Book not found: Pedro asked for Harry Potter and the Half-Blood Prince
Purchase successful: Maria bought The Lord of the Rings by J.R.R. Tolkien, price: $24.99
Book out of stock: Manuel asked for The Lord of the Rings by J.R.R. Tolkien, price: $24.99
Book out of stock: Joaquim asked for The Lord of the Rings by J.R.R. Tolkien, price: $24.99
Total: $64.98 [$58.70]

Revenue: $64.98
Profit: $58.70
