Title,ISBN,Author,Quantity,Price,Tax
The Lord of the Rings,978054400341-5,J.R.R. Tolkien,6,99.99,10.13%
The Hobbit,978054792822-7,J.R.R. Tolkien,0,51.32,10.986%
